// Jest Snapshot v1, https://goo.gl/fbAQLP

exports[`Contributors matches snapshot 1`] = `
<styled.ul>
  <styled.li />
</styled.ul>
`;
