// Jest Snapshot v1, https://goo.gl/fbAQLP

exports[`Repos matches snapshot 1`] = `
<div>
  <styled.div />
</div>
`;
