// Jest Snapshot v1, https://goo.gl/fbAQLP

exports[`Button matches snapshot 1`] = `
<Styled(Component)
  color="rgb(63, 120, 185)"
/>
`;
