// Jest Snapshot v1, https://goo.gl/fbAQLP

exports[`Contributor matches snapshot 1`] = `<styled.li />`;
