// Jest Snapshot v1, https://goo.gl/fbAQLP

exports[`Loader matches snapshot 1`] = `
<styled.div>
  <styled.div
    align="center"
  />
</styled.div>
`;
